2026-08-21 20:48:14: Server: SSH-2.0-OpenSSH_9.6p1 Ubuntu-3ubuntu13.18
2026-08-21 20:48:14: Server KEXes: sntrup761x25519-sha512@openssh.com,curve25519-sha256,curve25519-sha256@libssh.org,ecdh-sha2-nistp256,ecdh-sha2-nistp384,ecdh-sha2-nistp521,diffie-hellman-group-exchange-sha256,diffie-hellman-group16-sha512,diffie-hellman-group18-sha512,diffie-hellman-group14-sha256,ext-info-s,kex-strict-s-v00@openssh.com
2026-08-21 20:48:14: Server Host Keys: rsa-sha2-512,rsa-sha2-256,ecdsa-sha2-nistp256,ssh-ed25519
2026-08-21 20:48:14: Chosen Host Key: ssh-ed25519
2026-08-21 20:48:14: Ciphers: chacha20-poly1305@openssh.com,aes128-ctr,aes192-ctr,aes256-ctr,aes128-gcm@openssh.com,aes256-gcm@openssh.com
2026-08-21 20:48:14: MACs: umac-64-etm@openssh.com,umac-128-etm@openssh.com,hmac-sha2-256-etm@openssh.com,hmac-sha2-512-etm@openssh.com,hmac-sha1-etm@openssh.com,umac-64@openssh.com,umac-128@openssh.com,hmac-sha2-256,hmac-sha2-512,hmac-sha1
2026-08-21 20:48:14: Server ext-info: publickey-hostbound@openssh.com: 0
2026-08-21 20:48:14: Server ext-info: server-sig-algs: ssh-ed25519,ecdsa-sha2-nistp256,ecdsa-sha2-nistp384,ecdsa-sha2-nistp521,sk-ssh-ed25519@openssh.com,sk-ecdsa-sha2-nistp256@openssh.com,rsa-sha2-512,rsa-sha2-256
2026-08-21 20:48:14: Server ext-info: ping@openssh.com: 0
2026-08-21 20:48:14: Auth: start: publickey
2026-08-21 20:48:14: Auth: publickey: no keys available
2026-08-21 20:48:14: Auth: start: password
2026-08-21 20:48:16: -- Analysis Started by User Command
2026-08-21 20:48:16: L: Reading State File C:/Users/grabacr/VPSsync/01-WorkspaceSync/modelica-shared/CustomLib/WalkingInWorldOfThermoFluid_docs/_gsdata_/_file_state_v4._gs
2026-08-21 20:48:16: R: Reading State File sftp://os3-310-44666.vs.sakura.ne.jp/home/ubuntu/VPSsync/01-WorkspaceSync/modelica-shared/CustomLib/WalkingInWorldOfThermoFluid_docs/_gsdata_/_file_state_v4._gs
2026-08-21 20:48:16: Changes: 6, Conflicts: 0, CopyTime: 0, FixState: 0, Errors: 0, All: 18
2026-08-21 20:48:16: Right to Left: Copy File: 6 
2026-08-21 20:48:16: == Sync Started by User Command
2026-08-21 20:48:16: ConnectCloned connected to file:///~grabacr/VPSsync/01-WorkspaceSync/modelica-shared/CustomLib/WalkingInWorldOfThermoFluid_docs
2026-08-21 20:48:16: ConnectCloned connected to file:///~grabacr/VPSsync/01-WorkspaceSync/modelica-shared/CustomLib/WalkingInWorldOfThermoFluid_docs
2026-08-21 20:48:16: ConnectCloned connected to file:///~grabacr/VPSsync/01-WorkspaceSync/modelica-shared/CustomLib/WalkingInWorldOfThermoFluid_docs
2026-08-21 20:48:16: Server: SSH-2.0-OpenSSH_9.6p1 Ubuntu-3ubuntu13.18
2026-08-21 20:48:16: Server: SSH-2.0-OpenSSH_9.6p1 Ubuntu-3ubuntu13.18
2026-08-21 20:48:16: Server: SSH-2.0-OpenSSH_9.6p1 Ubuntu-3ubuntu13.18
2026-08-21 20:48:16: Server KEXes: sntrup761x25519-sha512@openssh.com,curve25519-sha256,curve25519-sha256@libssh.org,ecdh-sha2-nistp256,ecdh-sha2-nistp384,ecdh-sha2-nistp521,diffie-hellman-group-exchange-sha256,diffie-hellman-group16-sha512,diffie-hellman-group18-sha512,diffie-hellman-group14-sha256,ext-info-s,kex-strict-s-v00@openssh.com
2026-08-21 20:48:16: Server Host Keys: rsa-sha2-512,rsa-sha2-256,ecdsa-sha2-nistp256,ssh-ed25519
2026-08-21 20:48:16: Chosen Host Key: ssh-ed25519
2026-08-21 20:48:16: Ciphers: chacha20-poly1305@openssh.com,aes128-ctr,aes192-ctr,aes256-ctr,aes128-gcm@openssh.com,aes256-gcm@openssh.com
2026-08-21 20:48:16: MACs: umac-64-etm@openssh.com,umac-128-etm@openssh.com,hmac-sha2-256-etm@openssh.com,hmac-sha2-512-etm@openssh.com,hmac-sha1-etm@openssh.com,umac-64@openssh.com,umac-128@openssh.com,hmac-sha2-256,hmac-sha2-512,hmac-sha1
2026-08-21 20:48:16: Server KEXes: sntrup761x25519-sha512@openssh.com,curve25519-sha256,curve25519-sha256@libssh.org,ecdh-sha2-nistp256,ecdh-sha2-nistp384,ecdh-sha2-nistp521,diffie-hellman-group-exchange-sha256,diffie-hellman-group16-sha512,diffie-hellman-group18-sha512,diffie-hellman-group14-sha256,ext-info-s,kex-strict-s-v00@openssh.com
2026-08-21 20:48:16: Server Host Keys: rsa-sha2-512,rsa-sha2-256,ecdsa-sha2-nistp256,ssh-ed25519
2026-08-21 20:48:16: Chosen Host Key: ssh-ed25519
2026-08-21 20:48:16: Ciphers: chacha20-poly1305@openssh.com,aes128-ctr,aes192-ctr,aes256-ctr,aes128-gcm@openssh.com,aes256-gcm@openssh.com
2026-08-21 20:48:16: MACs: umac-64-etm@openssh.com,umac-128-etm@openssh.com,hmac-sha2-256-etm@openssh.com,hmac-sha2-512-etm@openssh.com,hmac-sha1-etm@openssh.com,umac-64@openssh.com,umac-128@openssh.com,hmac-sha2-256,hmac-sha2-512,hmac-sha1
2026-08-21 20:48:16: Server KEXes: sntrup761x25519-sha512@openssh.com,curve25519-sha256,curve25519-sha256@libssh.org,ecdh-sha2-nistp256,ecdh-sha2-nistp384,ecdh-sha2-nistp521,diffie-hellman-group-exchange-sha256,diffie-hellman-group16-sha512,diffie-hellman-group18-sha512,diffie-hellman-group14-sha256,ext-info-s,kex-strict-s-v00@openssh.com
2026-08-21 20:48:16: Server Host Keys: rsa-sha2-512,rsa-sha2-256,ecdsa-sha2-nistp256,ssh-ed25519
2026-08-21 20:48:16: Chosen Host Key: ssh-ed25519
2026-08-21 20:48:16: Ciphers: chacha20-poly1305@openssh.com,aes128-ctr,aes192-ctr,aes256-ctr,aes128-gcm@openssh.com,aes256-gcm@openssh.com
2026-08-21 20:48:16: MACs: umac-64-etm@openssh.com,umac-128-etm@openssh.com,hmac-sha2-256-etm@openssh.com,hmac-sha2-512-etm@openssh.com,hmac-sha1-etm@openssh.com,umac-64@openssh.com,umac-128@openssh.com,hmac-sha2-256,hmac-sha2-512,hmac-sha1
2026-08-21 20:48:16: Server ext-info: publickey-hostbound@openssh.com: 0
2026-08-21 20:48:16: Server ext-info: server-sig-algs: ssh-ed25519,ecdsa-sha2-nistp256,ecdsa-sha2-nistp384,ecdsa-sha2-nistp521,sk-ssh-ed25519@openssh.com,sk-ecdsa-sha2-nistp256@openssh.com,rsa-sha2-512,rsa-sha2-256
2026-08-21 20:48:16: Server ext-info: ping@openssh.com: 0
2026-08-21 20:48:16: Server ext-info: publickey-hostbound@openssh.com: 0
2026-08-21 20:48:16: Server ext-info: server-sig-algs: ssh-ed25519,ecdsa-sha2-nistp256,ecdsa-sha2-nistp384,ecdsa-sha2-nistp521,sk-ssh-ed25519@openssh.com,sk-ecdsa-sha2-nistp256@openssh.com,rsa-sha2-512,rsa-sha2-256
2026-08-21 20:48:16: Server ext-info: ping@openssh.com: 0
2026-08-21 20:48:16: Server ext-info: publickey-hostbound@openssh.com: 0
2026-08-21 20:48:16: Server ext-info: server-sig-algs: ssh-ed25519,ecdsa-sha2-nistp256,ecdsa-sha2-nistp384,ecdsa-sha2-nistp521,sk-ssh-ed25519@openssh.com,sk-ecdsa-sha2-nistp256@openssh.com,rsa-sha2-512,rsa-sha2-256
2026-08-21 20:48:16: Server ext-info: ping@openssh.com: 0
2026-08-21 20:48:16: Auth: start: publickey
2026-08-21 20:48:16: Auth: publickey: no keys available
2026-08-21 20:48:16: Auth: start: password
2026-08-21 20:48:16: Auth: start: publickey
2026-08-21 20:48:16: Auth: publickey: no keys available
2026-08-21 20:48:16: Auth: start: password
2026-08-21 20:48:16: Auth: start: publickey
2026-08-21 20:48:16: Auth: publickey: no keys available
2026-08-21 20:48:16: Auth: start: password
2026-08-21 20:48:17: GsConnectAndSetRoot1 connected to sftp://os3-310-44666.vs.sakura.ne.jp/home/ubuntu/VPSsync/01-WorkspaceSync/modelica-shared/CustomLib/WalkingInWorldOfThermoFluid_docs
2026-08-21 20:48:17: GsConnectAndSetRoot1 connected to sftp://os3-310-44666.vs.sakura.ne.jp/home/ubuntu/VPSsync/01-WorkspaceSync/modelica-shared/CustomLib/WalkingInWorldOfThermoFluid_docs
2026-08-21 20:48:17: GsConnectAndSetRoot1 connected to sftp://os3-310-44666.vs.sakura.ne.jp/home/ubuntu/VPSsync/01-WorkspaceSync/modelica-shared/CustomLib/WalkingInWorldOfThermoFluid_docs
2026-08-21 20:48:18: Copy New 'sftp://os3-310-44666.vs.sakura.ne.jp/home/ubuntu/VPSsync/01-WorkspaceSync/modelica-shared/CustomLib/WalkingInWorldOfThermoFluid_docs/Hard/RefrigCycleMachine_R134_ex04/diagram_100s.jpg' -> 'C:/Users/grabacr/VPSsync/01-WorkspaceSync/modelica-shared/CustomLib/WalkingInWorldOfThermoFluid_docs/Hard/RefrigCycleMachine_R134_ex04/diagram_100s.jpg' (66,037)
2026-08-21 20:48:18: Copy New 'sftp://os3-310-44666.vs.sakura.ne.jp/home/ubuntu/VPSsync/01-WorkspaceSync/modelica-shared/CustomLib/WalkingInWorldOfThermoFluid_docs/Hard/RefrigCycleMachine_R134_ex04/diagram_50s.jpg' -> 'C:/Users/grabacr/VPSsync/01-WorkspaceSync/modelica-shared/CustomLib/WalkingInWorldOfThermoFluid_docs/Hard/RefrigCycleMachine_R134_ex04/diagram_50s.jpg' (65,266)
2026-08-21 20:48:18: Copy New 'sftp://os3-310-44666.vs.sakura.ne.jp/home/ubuntu/VPSsync/01-WorkspaceSync/modelica-shared/CustomLib/WalkingInWorldOfThermoFluid_docs/Hard/RefrigCycleMachine_R134_ex04/y_p.svg' -> 'C:/Users/grabacr/VPSsync/01-WorkspaceSync/modelica-shared/CustomLib/WalkingInWorldOfThermoFluid_docs/Hard/RefrigCycleMachine_R134_ex04/y_p.svg' (81,107)
2026-08-21 20:48:18: Copy New 'sftp://os3-310-44666.vs.sakura.ne.jp/home/ubuntu/VPSsync/01-WorkspaceSync/modelica-shared/CustomLib/WalkingInWorldOfThermoFluid_docs/Hard/RefrigCycleMachine_R134_ex04/y_Q_flow.svg' -> 'C:/Users/grabacr/VPSsync/01-WorkspaceSync/modelica-shared/CustomLib/WalkingInWorldOfThermoFluid_docs/Hard/RefrigCycleMachine_R134_ex04/y_Q_flow.svg' (84,514)
2026-08-21 20:48:18: Copy New 'sftp://os3-310-44666.vs.sakura.ne.jp/home/ubuntu/VPSsync/01-WorkspaceSync/modelica-shared/CustomLib/WalkingInWorldOfThermoFluid_docs/Hard/RefrigCycleMachine_R134_ex04/y_s.svg' -> 'C:/Users/grabacr/VPSsync/01-WorkspaceSync/modelica-shared/CustomLib/WalkingInWorldOfThermoFluid_docs/Hard/RefrigCycleMachine_R134_ex04/y_s.svg' (119,422)
2026-08-21 20:48:18: Copy Over 'sftp://os3-310-44666.vs.sakura.ne.jp/home/ubuntu/VPSsync/01-WorkspaceSync/modelica-shared/CustomLib/WalkingInWorldOfThermoFluid_docs/Hard/RefrigCycleMachine_R134_ex04/y_T.svg' -> 'C:/Users/grabacr/VPSsync/01-WorkspaceSync/modelica-shared/CustomLib/WalkingInWorldOfThermoFluid_docs/Hard/RefrigCycleMachine_R134_ex04/y_T.svg' (115,446)
2026-08-21 20:48:18: Save State File C:/Users/grabacr/VPSsync/01-WorkspaceSync/modelica-shared/CustomLib/WalkingInWorldOfThermoFluid_docs/_gsdata_/_file_state_v4._gs
2026-08-21 20:48:18: Save State File sftp://os3-310-44666.vs.sakura.ne.jp/home/ubuntu/VPSsync/01-WorkspaceSync/modelica-shared/CustomLib/WalkingInWorldOfThermoFluid_docs/_gsdata_/_file_state_v4._gs
2026-08-21 20:48:19: == Sync Complete. Time: 00:00:03, Speed: 0.00/s, OK: 6, Errors: 0
